// Vitest Snapshot v1, https://vitest.dev/guide/snapshot.html

exports[`zod → OpenAPI pipeline > documents params, query, body, responses and named components 1`] = `
{
  "components": {
    "schemas": {
      "ErrorResponse": {
        "additionalProperties": false,
        "properties": {
          "code": {
            "type": "string",
          },
          "details": {
            "items": {
              "additionalProperties": false,
              "properties": {
                "message": {
                  "type": "string",
                },
                "path": {
                  "type": "string",
                },
              },
              "required": [
                "path",
                "message",
              ],
              "type": "object",
            },
            "type": "array",
          },
          "message": {
            "type": "string",
          },
        },
        "required": [
          "code",
          "message",
        ],
        "type": "object",
      },
      "SampleItem": {
        "additionalProperties": false,
        "properties": {
          "body": {
            "nullable": true,
            "type": "string",
          },
          "id": {
            "format": "uuid",
            "pattern": "^([0-9a-fA-F]{8}-[0-9a-fA-F]{4}-[1-8][0-9a-fA-F]{3}-[89abAB][0-9a-fA-F]{3}-[0-9a-fA-F]{12}|00000000-0000-0000-0000-000000000000|ffffffff-ffff-ffff-ffff-ffffffffffff)$",
            "type": "string",
          },
          "kind": {
            "enum": [
              "note",
              "reminder",
            ],
            "type": "string",
          },
          "remindAt": {
            "format": "date-time",
            "pattern": "^(?:(?:\\d\\d[2468][048]|\\d\\d[13579][26]|\\d\\d0[48]|[02468][048]00|[13579][26]00)-02-29|\\d{4}-(?:(?:0[13578]|1[02])-(?:0[1-9]|[12]\\d|3[01])|(?:0[469]|11)-(?:0[1-9]|[12]\\d|30)|(?:02)-(?:0[1-9]|1\\d|2[0-8])))T(?:(?:[01]\\d|2[0-3]):[0-5]\\d:[0-5]\\d(?:\\.\\d+)?(?:Z))$",
            "type": "string",
          },
          "title": {
            "type": "string",
          },
        },
        "required": [
          "id",
          "body",
          "kind",
          "remindAt",
        ],
        "type": "object",
      },
    },
  },
  "paths": {
    "/api/samples": {
      "get": {
        "operationId": "sampleList",
        "parameters": [
          {
            "in": "query",
            "name": "page",
            "required": false,
            "schema": {
              "default": 1,
              "maximum": 9007199254740991,
              "minimum": 1,
              "type": "integer",
            },
          },
          {
            "in": "query",
            "name": "tag",
            "required": false,
            "schema": {
              "type": "string",
            },
          },
        ],
        "responses": {
          "200": {
            "content": {
              "application/json": {
                "schema": {
                  "items": {
                    "$ref": "#/components/schemas/SampleItem",
                  },
                  "type": "array",
                },
              },
            },
            "description": "",
          },
          "400": {
            "content": {
              "application/json": {
                "schema": {
                  "$ref": "#/components/schemas/ErrorResponse",
                },
              },
            },
            "description": "",
          },
        },
        "tags": [
          "Sample",
        ],
      },
      "post": {
        "operationId": "sampleCreate",
        "parameters": [],
        "requestBody": {
          "content": {
            "application/json": {
              "schema": {
                "properties": {
                  "kind": {
                    "enum": [
                      "note",
                      "reminder",
                    ],
                    "type": "string",
                  },
                  "title": {
                    "minLength": 1,
                    "type": "string",
                  },
                },
                "required": [
                  "title",
                  "kind",
                ],
                "type": "object",
              },
            },
          },
          "required": true,
        },
        "responses": {
          "201": {
            "content": {
              "application/json": {
                "schema": {
                  "$ref": "#/components/schemas/SampleItem",
                },
              },
            },
            "description": "",
          },
          "400": {
            "content": {
              "application/json": {
                "schema": {
                  "$ref": "#/components/schemas/ErrorResponse",
                },
              },
            },
            "description": "",
          },
        },
        "tags": [
          "Sample",
        ],
      },
    },
    "/api/samples/{id}": {
      "get": {
        "operationId": "sampleGet",
        "parameters": [
          {
            "in": "path",
            "name": "id",
            "required": true,
            "schema": {
              "format": "uuid",
              "pattern": "^([0-9a-fA-F]{8}-[0-9a-fA-F]{4}-[1-8][0-9a-fA-F]{3}-[89abAB][0-9a-fA-F]{3}-[0-9a-fA-F]{12}|00000000-0000-0000-0000-000000000000|ffffffff-ffff-ffff-ffff-ffffffffffff)$",
              "type": "string",
            },
          },
        ],
        "responses": {
          "200": {
            "content": {
              "application/json": {
                "schema": {
                  "$ref": "#/components/schemas/SampleItem",
                },
              },
            },
            "description": "",
          },
          "400": {
            "content": {
              "application/json": {
                "schema": {
                  "$ref": "#/components/schemas/ErrorResponse",
                },
              },
            },
            "description": "",
          },
        },
        "tags": [
          "Sample",
        ],
      },
    },
  },
}
`;
